2021-04-28 14:42:16,104:INFO:flipkart.py:Search begins for samsung
2021-04-28 14:42:47,144:INFO:flipkart.py:Url hitted
2021-04-28 14:42:47,171:INFO:flipkart.py:Database created
2021-04-28 14:42:47,248:INFO:flipkart.py:Next link hitted
2021-04-28 14:42:49,774:INFO:flipkart.py:Reviews Collected
2021-04-28 14:42:49,916:INFO:flipkart.py:New file static/CSVssamsung.csv created
2021-04-28 14:42:50,071:INFO:flipkart.py:Next link hitted
2021-04-28 14:42:52,883:INFO:flipkart.py:Thread run completed
2021-04-28 14:42:55,022:INFO:flipkart.py:Bar graph created
2021-04-28 14:42:55,077:INFO:flipkart.py:Scatter plot created
2021-04-28 14:48:40,261:INFO:flipkart.py:Search begins for samsung
2021-04-28 14:48:48,097:INFO:flipkart.py:Url hitted
2021-04-28 14:48:48,124:INFO:flipkart.py:Database created
2021-04-28 14:48:48,169:INFO:flipkart.py:Next link hitted
2021-04-28 14:48:50,638:INFO:flipkart.py:Reviews Collected
2021-04-28 14:48:50,692:INFO:flipkart.py:New file static/CSVssamsung.csv created
2021-04-28 15:33:13,636:INFO:flipkart.py:Search begins for samsung
2021-04-28 15:33:13,816:INFO:flipkart.py:Search begins for samsung
2021-04-28 15:33:16,834:INFO:flipkart.py:Url hitted
2021-04-28 15:33:16,849:INFO:flipkart.py:Database created
2021-04-28 15:33:16,873:INFO:flipkart.py:Next link hitted
2021-04-28 15:33:18,405:INFO:flipkart.py:Url hitted
2021-04-28 15:33:18,485:INFO:flipkart.py:Database created
2021-04-28 15:33:18,516:INFO:flipkart.py:Next link hitted
2021-04-28 15:33:19,036:INFO:flipkart.py:Reviews Collected
2021-04-28 15:33:19,186:INFO:flipkart.py:New file static/CSVssamsung.csv created
2021-04-28 15:33:19,265:INFO:flipkart.py:Next link hitted
2021-04-28 15:33:19,936:INFO:flipkart.py:Reviews Collected
2021-04-28 15:33:20,047:INFO:flipkart.py:New file static/CSVssamsung.csv created
2021-04-28 15:33:20,071:INFO:flipkart.py:Next link hitted
2021-04-28 15:33:20,643:INFO:flipkart.py:Thread run completed
2021-04-28 15:33:21,082:INFO:flipkart.py:Thread run completed
2021-04-28 15:39:01,611:INFO:flipkart.py:Search begins for samsung
2021-04-28 15:39:05,083:INFO:flipkart.py:Url hitted
2021-04-28 15:39:05,102:INFO:flipkart.py:Database created
2021-04-28 15:39:05,132:INFO:flipkart.py:Next link hitted
2021-04-28 15:39:05,636:INFO:flipkart.py:Next page html scrapped
2021-04-28 15:39:05,651:INFO:flipkart.py:Scrapping page:1
2021-04-28 15:39:06,790:INFO:flipkart.py:Reviews Collected
2021-04-28 15:39:06,799:INFO:flipkart.py:New file static/CSVssamsung.csv created
2021-04-28 15:39:06,830:INFO:flipkart.py:Next link hitted
2021-04-28 15:39:07,693:INFO:flipkart.py:Next page html scrapped
2021-04-28 15:39:07,710:INFO:flipkart.py:Scrapping page:1
2021-04-28 15:39:08,445:INFO:flipkart.py:Thread run completed
2021-04-28 15:40:39,437:INFO:flipkart.py:Search begins for samsung
2021-04-28 15:40:42,506:INFO:flipkart.py:Url hitted
2021-04-28 15:40:42,513:INFO:flipkart.py:Database created
2021-04-28 15:41:32,896:INFO:flipkart.py:Search begins for samsung
2021-04-28 15:41:38,223:INFO:flipkart.py:Url hitted
2021-04-28 15:41:38,229:INFO:flipkart.py:Database created
2021-04-28 15:41:38,252:INFO:flipkart.py:Next link hitted
2021-04-28 15:41:40,248:INFO:flipkart.py:Next page html scrapped
2021-04-28 15:41:40,255:INFO:flipkart.py:Scrapping page:1
2021-04-28 15:41:40,957:INFO:flipkart.py:Reviews Collected
2021-04-28 15:41:41,408:INFO:flipkart.py:New file static/CSVssamsung.csv created
2021-04-28 15:41:41,474:INFO:flipkart.py:Next link hitted
2021-04-28 15:41:42,144:INFO:flipkart.py:Next page html scrapped
2021-04-28 15:41:42,155:INFO:flipkart.py:Scrapping page:1
2021-04-28 15:41:42,668:INFO:flipkart.py:Thread run completed
2021-04-28 15:42:08,876:INFO:flipkart.py:Search begins for samsung
2021-04-28 15:42:12,263:INFO:flipkart.py:Url hitted
2021-04-28 15:42:12,270:INFO:flipkart.py:Database created
2021-04-28 15:45:50,771:INFO:flipkart.py:Search begins for 100
2021-04-28 15:45:57,817:INFO:flipkart.py:Url hitted
2021-04-28 15:45:57,824:INFO:flipkart.py:Database created
2021-04-28 15:45:57,852:INFO:flipkart.py:Next link hitted
2021-04-28 15:46:00,321:INFO:flipkart.py:Next page html scrapped
2021-04-28 15:46:00,328:INFO:flipkart.py:Scrapping page:1
2021-04-28 15:46:01,162:INFO:flipkart.py:Reviews Collected
2021-04-28 15:46:02,047:INFO:flipkart.py:New file static/CSVs100.csv created
2021-04-28 15:48:44,677:INFO:flipkart.py:Search begins for samsung
2021-04-28 15:48:44,862:INFO:flipkart.py:Search begins for samsung
2021-04-28 15:48:52,217:INFO:flipkart.py:Url hitted
2021-04-28 15:48:52,232:INFO:flipkart.py:Database created
2021-04-28 15:48:52,257:INFO:flipkart.py:Next link hitted
2021-04-28 15:48:54,880:INFO:flipkart.py:Next page html scrapped
2021-04-28 15:48:54,887:INFO:flipkart.py:Scrapping page:1
2021-04-28 15:48:55,765:INFO:flipkart.py:Reviews Collected
2021-04-28 15:48:55,925:INFO:flipkart.py:New file static/CSVssamsung.csv created
2021-04-28 15:49:09,554:INFO:flipkart.py:Url hitted
2021-04-28 15:49:09,563:INFO:flipkart.py:Database created
2021-04-28 15:49:09,597:INFO:flipkart.py:Next link hitted
2021-04-28 15:49:10,108:INFO:flipkart.py:Next page html scrapped
2021-04-28 15:49:10,120:INFO:flipkart.py:Scrapping page:1
2021-04-28 15:49:10,795:INFO:flipkart.py:Reviews Collected
2021-04-28 15:49:10,803:INFO:flipkart.py:New file static/CSVssamsung.csv created
2021-04-28 15:49:43,022:INFO:flipkart.py:Search begins for samsung
2021-04-28 15:49:46,632:INFO:flipkart.py:Url hitted
2021-04-28 15:49:46,641:INFO:flipkart.py:Database created
2021-04-28 15:49:46,674:INFO:flipkart.py:Next link hitted
2021-04-28 15:49:47,477:INFO:flipkart.py:Next page html scrapped
2021-04-28 15:49:47,486:INFO:flipkart.py:Scrapping page:1
2021-04-28 15:49:47,967:INFO:flipkart.py:Reviews Collected
2021-04-28 15:49:47,972:INFO:flipkart.py:New file static/CSVssamsung.csv created
2021-04-28 15:54:47,327:INFO:flipkart.py:Search begins for samsung
2021-04-28 15:55:02,573:INFO:flipkart.py:Url hitted
2021-04-28 15:55:02,587:INFO:flipkart.py:Database created
2021-04-28 15:59:31,839:INFO:flipkart.py:Search begins for samsung
2021-04-28 15:59:40,506:INFO:flipkart.py:Url hitted
2021-04-28 15:59:40,520:INFO:flipkart.py:Database created
2021-04-28 15:59:40,567:INFO:flipkart.py:Next link hitted
2021-04-28 15:59:41,337:INFO:flipkart.py:Next page html scrapped
2021-04-28 15:59:41,359:INFO:flipkart.py:Scrapping page:1
2021-04-28 15:59:41,990:INFO:flipkart.py:Reviews Collected
2021-04-28 15:59:42,039:INFO:flipkart.py:New file static/CSVssamsung.csv created
2021-04-28 16:01:01,422:INFO:flipkart.py:Search begins for iphone
2021-04-28 16:01:10,132:INFO:flipkart.py:Url hitted
2021-04-28 16:01:10,146:INFO:flipkart.py:Database created
2021-04-28 16:01:10,171:INFO:flipkart.py:Next link hitted
2021-04-28 16:01:10,980:INFO:flipkart.py:Next page html scrapped
2021-04-28 16:01:10,989:INFO:flipkart.py:Scrapping page:1
2021-04-28 16:01:11,624:INFO:flipkart.py:Reviews Collected
2021-04-28 16:01:13,528:INFO:flipkart.py:New file static/CSVsiphone.csv created
2021-04-28 16:04:50,134:INFO:flipkart.py:Search begins for samsung
2021-04-28 16:04:51,450:INFO:flipkart.py:Search begins for samsung
2021-04-28 16:04:52,442:INFO:flipkart.py:Search begins for samsung
2021-04-28 16:04:52,609:INFO:flipkart.py:Search begins for samsung
2021-04-28 16:04:53,117:INFO:flipkart.py:Search begins for samsung
2021-04-28 16:04:54,038:INFO:flipkart.py:Url hitted
2021-04-28 16:04:54,549:INFO:flipkart.py:Database created
2021-04-28 16:04:54,603:INFO:flipkart.py:Next link hitted
2021-04-28 16:04:55,131:INFO:flipkart.py:Url hitted
2021-04-28 16:04:55,138:INFO:flipkart.py:Database created
2021-04-28 16:04:55,158:INFO:flipkart.py:Next link hitted
2021-04-28 16:04:55,576:INFO:flipkart.py:Next page html scrapped
2021-04-28 16:04:55,599:INFO:flipkart.py:Scrapping page:1
2021-04-28 16:04:55,992:INFO:flipkart.py:Next page html scrapped
2021-04-28 16:04:56,008:INFO:flipkart.py:Scrapping page:1
2021-04-28 16:04:56,073:INFO:flipkart.py:Url hitted
2021-04-28 16:04:56,120:INFO:flipkart.py:Url hitted
2021-04-28 16:04:56,359:INFO:flipkart.py:Url hitted
2021-04-28 16:04:56,362:INFO:flipkart.py:Database created
2021-04-28 16:04:56,362:INFO:flipkart.py:Database created
2021-04-28 16:04:56,368:INFO:flipkart.py:Database created
2021-04-28 16:04:56,398:INFO:flipkart.py:Next link hitted
2021-04-28 16:04:56,416:INFO:flipkart.py:Next link hitted
2021-04-28 16:04:56,436:INFO:flipkart.py:Next link hitted
2021-04-28 16:04:56,569:INFO:flipkart.py:Reviews Collected
2021-04-28 16:04:56,577:INFO:flipkart.py:New file static/CSVssamsung.csv created
2021-04-28 16:04:56,611:INFO:flipkart.py:Next link hitted
2021-04-28 16:04:56,985:INFO:flipkart.py:Reviews Collected
2021-04-28 16:04:56,992:INFO:flipkart.py:New file static/CSVssamsung.csv created
2021-04-28 16:04:57,036:INFO:flipkart.py:Next link hitted
2021-04-28 16:04:57,261:INFO:flipkart.py:Next page html scrapped
2021-04-28 16:04:57,269:INFO:flipkart.py:Scrapping page:1
2021-04-28 16:04:57,347:INFO:flipkart.py:Next page html scrapped
2021-04-28 16:04:57,366:INFO:flipkart.py:Scrapping page:1
2021-04-28 16:04:57,489:INFO:flipkart.py:Next page html scrapped
2021-04-28 16:04:57,498:INFO:flipkart.py:Scrapping page:1
2021-04-28 16:04:57,648:INFO:flipkart.py:Next page html scrapped
2021-04-28 16:04:57,663:INFO:flipkart.py:Next page html scrapped
2021-04-28 16:04:57,672:INFO:flipkart.py:Scrapping page:1
2021-04-28 16:04:57,680:INFO:flipkart.py:Scrapping page:1
2021-04-28 16:04:58,271:INFO:flipkart.py:Reviews Collected
2021-04-28 16:04:58,381:INFO:flipkart.py:Reviews Collected
2021-04-28 16:04:58,567:INFO:flipkart.py:New file static/CSVssamsung.csv created
2021-04-28 16:04:58,678:INFO:flipkart.py:Next link hitted
2021-04-28 16:04:58,678:INFO:flipkart.py:Reviews Collected
2021-04-28 16:04:58,703:INFO:flipkart.py:New file static/CSVssamsung.csv created
2021-04-28 16:04:58,794:INFO:flipkart.py:Next link hitted
2021-04-28 16:04:58,846:INFO:flipkart.py:New file static/CSVssamsung.csv created
2021-04-28 16:04:58,897:INFO:flipkart.py:Next link hitted
2021-04-28 16:04:59,451:INFO:flipkart.py:Next page html scrapped
2021-04-28 16:04:59,463:INFO:flipkart.py:Scrapping page:1
2021-04-28 16:04:59,538:INFO:flipkart.py:Next page html scrapped
2021-04-28 16:04:59,549:INFO:flipkart.py:Scrapping page:1
2021-04-28 16:04:59,760:INFO:flipkart.py:Next page html scrapped
2021-04-28 16:04:59,771:INFO:flipkart.py:Scrapping page:1
2021-04-28 17:06:40,037:INFO:flipkart.py:Search begins for samsung
2021-04-28 17:06:43,242:INFO:flipkart.py:Url hitted
2021-04-28 17:06:43,261:INFO:flipkart.py:Database created
2021-04-28 17:06:43,289:INFO:flipkart.py:Next link hitted
2021-04-28 17:06:43,937:INFO:flipkart.py:Next page html scrapped
2021-04-28 17:06:43,942:INFO:flipkart.py:Scrapping page:1
2021-04-28 17:06:44,695:INFO:flipkart.py:Reviews Collected
2021-04-28 17:06:45,093:INFO:flipkart.py:New file static/CSVssamsung.csv created
2021-04-28 17:08:11,272:INFO:flipkart.py:Search begins for samsung
2021-04-28 17:08:15,121:INFO:flipkart.py:Url hitted
2021-04-28 17:08:15,133:INFO:flipkart.py:Database created
2021-04-28 17:08:15,152:INFO:flipkart.py:Next link hitted
2021-04-28 17:08:25,805:INFO:flipkart.py:Next page html scrapped
2021-04-28 17:08:25,819:INFO:flipkart.py:Scrapping page:1
2021-04-28 17:08:30,528:INFO:flipkart.py:Reviews Collected
2021-04-28 17:08:30,544:INFO:flipkart.py:New file static/CSVssamsung.csv created
2021-04-28 17:10:59,062:INFO:flipkart.py:Search begins for samsung
2021-04-28 17:12:10,038:INFO:flipkart.py:Url hitted
2021-04-28 17:12:10,052:INFO:flipkart.py:Database created
2021-04-28 17:12:10,075:INFO:flipkart.py:Next link hitted
2021-04-28 17:12:11,200:INFO:flipkart.py:Next page html scrapped
2021-04-28 17:12:11,207:INFO:flipkart.py:Scrapping page:1
2021-04-28 17:12:11,879:INFO:flipkart.py:Reviews Collected
2021-04-28 17:12:11,897:INFO:flipkart.py:New file static/CSVssamsung.csv created
2021-04-28 17:14:48,712:INFO:flipkart.py:Search begins for samsung
2021-04-28 17:14:52,661:INFO:flipkart.py:Url hitted
2021-04-28 17:14:52,676:INFO:flipkart.py:Database created
2021-04-28 17:14:52,705:INFO:flipkart.py:Next link hitted
2021-04-28 17:14:53,294:INFO:flipkart.py:Next page html scrapped
2021-04-28 17:14:53,305:INFO:flipkart.py:Scrapping page:1
2021-04-28 17:14:54,193:INFO:flipkart.py:Reviews Collected
2021-04-28 17:14:54,204:INFO:flipkart.py:New file static/CSVssamsung.csv created
2021-04-28 17:19:17,851:INFO:flipkart.py:Search begins for samsung
2021-04-28 17:19:24,035:INFO:flipkart.py:Url hitted
2021-04-28 17:19:24,065:INFO:flipkart.py:Database created
2021-04-28 17:19:25,681:INFO:flipkart.py:Reviews Collected
2021-04-28 17:19:25,699:INFO:flipkart.py:New file static/CSVssamsung.csv created
2021-04-28 17:31:28,030:INFO:flipkart.py:Search begins for samsung
2021-04-28 17:34:25,921:INFO:flipkart.py:Search begins for samsung
2021-04-28 17:35:12,924:INFO:flipkart.py:Url hitted
2021-04-28 17:35:12,945:INFO:flipkart.py:Database created
2021-04-28 17:35:14,005:INFO:flipkart.py:Reviews Collected
2021-04-28 17:35:14,020:INFO:flipkart.py:New file static/CSVssamsung.csv created
2021-04-28 17:40:02,996:INFO:flipkart.py:Search begins for samsung
2021-04-28 18:42:22,245:INFO:flipkart.py:Search begins for samsung
2021-04-28 18:42:22,429:INFO:flipkart.py:Search begins for samsung
2021-04-28 18:43:51,697:INFO:flipkart.py:Search begins for samsung
2021-04-28 19:18:07,800:INFO:flipkart.py:Search begins for samsung
2021-04-28 19:18:10,480:INFO:flipkart.py:Url hitted
2021-04-28 19:18:10,646:INFO:flipkart.py:Database created
2021-04-28 19:18:26,260:INFO:flipkart.py:Search begins for samsung
2021-04-28 19:18:31,155:INFO:flipkart.py:Url hitted
2021-04-28 19:18:31,160:INFO:flipkart.py:Database created
2021-04-28 19:18:31,198:INFO:flipkart.py:Next link hitted
2021-04-28 19:18:37,786:INFO:flipkart.py:Scrap completed
2021-04-28 19:18:37,786:INFO:flipkart.py:Scrap completed
2021-04-28 19:18:37,786:INFO:flipkart.py:Scrap completed
2021-04-28 19:18:37,786:INFO:flipkart.py:Scrap completed
2021-04-28 19:18:37,786:INFO:flipkart.py:Scrap completed
2021-04-28 19:18:37,786:INFO:flipkart.py:Scrap completed
2021-04-28 19:18:37,786:INFO:flipkart.py:Scrap completed
2021-04-28 19:18:37,786:INFO:flipkart.py:Scrap completed
2021-04-28 19:18:37,787:INFO:flipkart.py:Scrap completed
2021-04-28 19:18:37,787:INFO:flipkart.py:Scrap completed
2021-04-28 19:18:37,787:INFO:flipkart.py:Scrap completed
2021-04-28 19:18:37,787:INFO:flipkart.py:Scrap completed
2021-04-28 19:18:37,787:INFO:flipkart.py:Scrap completed
2021-04-28 19:18:37,787:INFO:flipkart.py:Scrap completed
2021-04-28 19:18:37,787:INFO:flipkart.py:Scrap completed
2021-04-28 19:18:37,787:INFO:flipkart.py:Scrap completed
2021-04-28 19:18:37,787:INFO:flipkart.py:Scrap completed
2021-04-28 19:18:37,787:INFO:flipkart.py:Scrap completed
2021-04-28 19:18:37,787:INFO:flipkart.py:Scrap completed
2021-04-28 19:18:37,787:INFO:flipkart.py:Scrap completed
2021-04-28 19:18:37,787:INFO:flipkart.py:Scrap completed
2021-04-28 19:18:37,787:INFO:flipkart.py:Scrap completed
2021-04-28 19:18:37,787:INFO:flipkart.py:Scrap completed
2021-04-28 19:18:37,787:INFO:flipkart.py:Scrap completed
2021-04-28 19:18:37,787:INFO:flipkart.py:Scrap completed
2021-04-28 19:18:37,787:INFO:flipkart.py:Scrap completed
2021-04-28 19:18:37,787:INFO:flipkart.py:Scrap completed
2021-04-28 19:18:37,788:INFO:flipkart.py:Scrap completed
2021-04-28 19:18:37,788:INFO:flipkart.py:Scrap completed
2021-04-28 19:18:37,788:INFO:flipkart.py:Scrap completed
2021-04-28 19:18:37,788:INFO:flipkart.py:Scrap completed
2021-04-28 19:18:37,788:INFO:flipkart.py:Scrap completed
2021-04-28 19:18:37,788:INFO:flipkart.py:Scrap completed
2021-04-28 19:18:37,788:INFO:flipkart.py:Scrap completed
2021-04-28 19:18:37,788:INFO:flipkart.py:Scrap completed
2021-04-28 19:18:37,788:INFO:flipkart.py:Scrap completed
2021-04-28 19:18:37,788:INFO:flipkart.py:Scrap completed
2021-04-28 19:18:37,788:INFO:flipkart.py:Scrap completed
2021-04-28 19:18:37,788:INFO:flipkart.py:Scrap completed
2021-04-28 19:18:37,788:INFO:flipkart.py:Scrap completed
2021-04-28 19:18:37,788:INFO:flipkart.py:Scrap completed
2021-04-28 19:18:37,788:INFO:flipkart.py:Scrap completed
2021-04-28 19:18:37,788:INFO:flipkart.py:Scrap completed
2021-04-28 19:18:37,788:INFO:flipkart.py:Scrap completed
2021-04-28 19:18:37,788:INFO:flipkart.py:Scrap completed
2021-04-28 19:18:37,789:INFO:flipkart.py:Scrap completed
2021-04-28 19:18:37,789:INFO:flipkart.py:Scrap completed
2021-04-28 19:18:37,789:INFO:flipkart.py:Scrap completed
2021-04-28 19:18:37,789:INFO:flipkart.py:Scrap completed
2021-04-28 19:18:37,789:INFO:flipkart.py:Scrap completed
2021-04-28 19:18:37,789:INFO:flipkart.py:Scrap completed
2021-04-28 19:18:37,789:INFO:flipkart.py:Scrap completed
2021-04-28 19:18:37,789:INFO:flipkart.py:Scrap completed
2021-04-28 19:18:37,789:INFO:flipkart.py:Scrap completed
2021-04-28 19:18:37,789:INFO:flipkart.py:Scrap completed
2021-04-28 19:18:37,789:INFO:flipkart.py:Scrap completed
2021-04-28 19:18:37,789:INFO:flipkart.py:Scrap completed
2021-04-28 19:18:37,789:INFO:flipkart.py:Scrap completed
2021-04-28 19:18:37,789:INFO:flipkart.py:Scrap completed
2021-04-28 19:18:37,789:INFO:flipkart.py:Scrap completed
2021-04-28 19:18:37,789:INFO:flipkart.py:Scrap completed
2021-04-28 19:18:37,789:INFO:flipkart.py:Scrap completed
2021-04-28 19:18:37,789:INFO:flipkart.py:Scrap completed
2021-04-28 19:18:37,789:INFO:flipkart.py:Scrap completed
2021-04-28 19:18:37,790:INFO:flipkart.py:Scrap completed
2021-04-28 19:18:37,790:INFO:flipkart.py:Scrap completed
2021-04-28 19:18:37,790:INFO:flipkart.py:Scrap completed
2021-04-28 19:18:37,790:INFO:flipkart.py:Scrap completed
2021-04-28 19:18:37,790:INFO:flipkart.py:Scrap completed
2021-04-28 19:18:37,790:INFO:flipkart.py:Reviews Collected
2021-04-28 19:18:37,956:INFO:flipkart.py:New file static/CSVssamsung.csv created
2021-04-28 19:22:33,227:INFO:flipkart.py:Search begins for samsung
2021-04-28 19:23:52,735:INFO:flipkart.py:Search begins for samsung
2021-04-28 19:25:11,736:INFO:flipkart.py:Search begins for samsung
2021-04-28 19:25:13,983:INFO:flipkart.py:Search begins for samsung
2021-04-28 19:25:14,098:INFO:flipkart.py:Search begins for samsung
2021-04-28 19:25:14,371:INFO:flipkart.py:Search begins for samsung
2021-04-28 19:26:32,070:INFO:flipkart.py:Search begins for iphoneX
2021-04-28 19:26:40,173:INFO:flipkart.py:Search begins for iphoneX
2021-04-28 23:39:52,986:INFO:flipkart.py:Search begins for samsung
2021-04-28 23:40:07,140:INFO:flipkart.py:Url hitted
2021-04-28 23:40:07,459:INFO:flipkart.py:Database created
2021-04-28 23:40:39,494:INFO:flipkart.py:Search begins for samsung
2021-04-28 23:40:46,988:INFO:flipkart.py:Url hitted
2021-04-28 23:40:46,992:INFO:flipkart.py:Database created
2021-04-28 23:43:04,474:INFO:flipkart.py:Bar graph created
2021-04-28 23:43:04,476:INFO:flipkart.py:Bar graph created
2021-04-28 23:43:05,812:INFO:flipkart.py:Scatter plot created
2021-04-28 23:43:05,818:INFO:flipkart.py:Scatter plot created
2021-04-28 23:46:33,327:INFO:flipkart.py:Search begins for iphoneX
2021-04-28 23:46:35,226:INFO:flipkart.py:Url hitted
2021-04-28 23:46:35,234:INFO:flipkart.py:Database created
2021-04-28 23:46:35,249:INFO:flipkart.py:Next link hitted
2021-04-28 23:47:49,580:INFO:flipkart.py:Scrap completed
2021-04-28 23:47:49,580:INFO:flipkart.py:Scrap completed
2021-04-28 23:47:49,580:INFO:flipkart.py:Scrap completed
2021-04-28 23:47:49,580:INFO:flipkart.py:Scrap completed
2021-04-28 23:47:49,581:INFO:flipkart.py:Scrap completed
2021-04-28 23:47:49,581:INFO:flipkart.py:Scrap completed
2021-04-28 23:47:49,581:INFO:flipkart.py:Scrap completed
2021-04-28 23:47:49,581:INFO:flipkart.py:Scrap completed
2021-04-28 23:47:49,581:INFO:flipkart.py:Scrap completed
2021-04-28 23:47:49,581:INFO:flipkart.py:Scrap completed
2021-04-28 23:47:49,581:INFO:flipkart.py:Scrap completed
2021-04-28 23:47:49,581:INFO:flipkart.py:Scrap completed
2021-04-28 23:47:49,581:INFO:flipkart.py:Scrap completed
2021-04-28 23:47:49,582:INFO:flipkart.py:Scrap completed
2021-04-28 23:47:49,582:INFO:flipkart.py:Scrap completed
2021-04-28 23:47:49,582:INFO:flipkart.py:Scrap completed
2021-04-28 23:47:49,582:INFO:flipkart.py:Scrap completed
2021-04-28 23:47:49,582:INFO:flipkart.py:Scrap completed
2021-04-28 23:47:49,582:INFO:flipkart.py:Scrap completed
2021-04-28 23:47:49,582:INFO:flipkart.py:Scrap completed
2021-04-28 23:47:49,582:INFO:flipkart.py:Scrap completed
2021-04-28 23:47:49,582:INFO:flipkart.py:Scrap completed
2021-04-28 23:47:49,582:INFO:flipkart.py:Scrap completed
2021-04-28 23:47:49,582:INFO:flipkart.py:Scrap completed
2021-04-28 23:47:49,582:INFO:flipkart.py:Scrap completed
2021-04-28 23:47:49,583:INFO:flipkart.py:Scrap completed
2021-04-28 23:47:49,583:INFO:flipkart.py:Scrap completed
2021-04-28 23:47:49,583:INFO:flipkart.py:Scrap completed
2021-04-28 23:47:49,583:INFO:flipkart.py:Reviews Collected
2021-04-28 23:47:50,961:INFO:flipkart.py:New file static/CSVsiphoneX.csv created
2021-04-28 23:47:51,012:INFO:flipkart.py:Next link hitted
2021-04-28 23:47:58,711:INFO:flipkart.py:Scrap completed
2021-04-28 23:47:58,711:INFO:flipkart.py:Scrap completed
2021-04-28 23:47:58,711:INFO:flipkart.py:Scrap completed
2021-04-28 23:47:58,711:INFO:flipkart.py:Scrap completed
2021-04-28 23:47:58,711:INFO:flipkart.py:Scrap completed
2021-04-28 23:47:58,711:INFO:flipkart.py:Scrap completed
2021-04-28 23:47:58,711:INFO:flipkart.py:Scrap completed
2021-04-28 23:47:58,711:INFO:flipkart.py:Scrap completed
2021-04-28 23:47:58,711:INFO:flipkart.py:Scrap completed
2021-04-28 23:47:58,711:INFO:flipkart.py:Scrap completed
2021-04-28 23:47:58,712:INFO:flipkart.py:Scrap completed
2021-04-28 23:47:58,712:INFO:flipkart.py:Scrap completed
2021-04-28 23:47:58,712:INFO:flipkart.py:Scrap completed
2021-04-28 23:47:58,712:INFO:flipkart.py:Scrap completed
2021-04-28 23:47:58,712:INFO:flipkart.py:Scrap completed
2021-04-28 23:47:58,712:INFO:flipkart.py:Scrap completed
2021-04-28 23:47:58,712:INFO:flipkart.py:Scrap completed
2021-04-28 23:47:58,712:INFO:flipkart.py:Scrap completed
2021-04-28 23:47:58,712:INFO:flipkart.py:Scrap completed
2021-04-28 23:47:58,712:INFO:flipkart.py:Scrap completed
2021-04-28 23:47:58,712:INFO:flipkart.py:Scrap completed
2021-04-28 23:47:58,712:INFO:flipkart.py:Scrap completed
2021-04-28 23:47:58,712:INFO:flipkart.py:Scrap completed
2021-04-28 23:47:58,712:INFO:flipkart.py:Scrap completed
2021-04-28 23:47:58,712:INFO:flipkart.py:Scrap completed
2021-04-28 23:47:58,712:INFO:flipkart.py:Scrap completed
2021-04-28 23:47:58,712:INFO:flipkart.py:Scrap completed
2021-04-28 23:47:58,712:INFO:flipkart.py:Scrap completed
2021-04-28 23:47:58,713:INFO:flipkart.py:Thread run completed
2021-04-28 23:48:26,769:INFO:flipkart.py:Bar graph created
2021-04-28 23:48:26,793:INFO:flipkart.py:Scatter plot created
